// Jest Snapshot v1, https://goo.gl/fbAQLP

exports[`should render not found page correctly 1`] = `
<div>
  This is a 404 page! 
  <Link
    replace={false}
    to="/"
  >
    Go Home
  </Link>
</div>
`;
